2026-07-30 11:35:19,928 | EVENT: adms_cdata_post_request | {"serial_number": "SN123", "table": "ATTLOG", "payload_length": 36, "payload_raw": "1001\t2026-07-17 10:15:30\t0\t1\t0\t0\t0\r\n"}
2026-07-30 11:35:19,932 | EVENT: adms_raw_punch_received | {"serial_number": "SN123", "table": "ATTLOG", "payload_raw": "1001\t2026-07-17 10:15:30\t0\t1\t0\t0\t0\r\n"}
2026-07-30 11:35:19,933 | EVENT: adms_cdata_post_parsed_records | {"serial_number": "SN123", "count": 1, "records": [{"pin": "1001", "time_str": "2026-07-17 10:15:30", "status": "0", "verify_type": "1", "work_code": "0", "raw_line": "1001\t2026-07-17 10:15:30\t0\t1\t0\t0\t0"}]}
2026-07-30 11:35:19,941 | EVENT: adms_employee_lookup_result | {"serial_number": "SN123", "pin": "1001", "matched": true, "employee_id": 101, "employee_code": "1001", "strategy_used": "exact_code"}
2026-07-30 11:35:19,943 | EVENT: adms_duplicate_check_result | {"serial_number": "SN123", "employee_id": 101, "is_duplicate": false, "existing_punch_id": null}
2026-07-30 11:35:19,947 | EVENT: adms_attendance_created | {"serial_number": "SN123", "pin": "1001", "employee_id": 101, "attendance_day_id": 20, "punch_id": "<AsyncMock name='AttendanceService().punches.create().id' id='139708222398320'>", "punch_type": "in", "punch_time": "2026-07-17 10:15:30+00:00"}
2026-07-30 12:06:55,167 | EVENT: adms_cdata_post_request | {"serial_number": "NFZ8260202735", "table": "ATTLOG", "payload_length": 31, "payload_raw": "1\t2026-07-30 12:15:00\t0\t1\t0\t0\t0"}
2026-07-30 12:06:55,456 | EVENT: adms_raw_punch_received | {"serial_number": "NFZ8260202735", "table": "ATTLOG", "payload_raw": "1\t2026-07-30 12:15:00\t0\t1\t0\t0\t0"}
2026-07-30 12:06:55,456 | EVENT: adms_cdata_post_parsed_records | {"serial_number": "NFZ8260202735", "count": 1, "records": [{"pin": "1", "time_str": "2026-07-30 12:15:00", "status": "0", "verify_type": "1", "work_code": "0", "raw_line": "1\t2026-07-30 12:15:00\t0\t1\t0\t0\t0"}]}
2026-07-30 12:06:55,558 | EVENT: adms_employee_lookup_result | {"serial_number": "NFZ8260202735", "pin": "1", "matched": true, "employee_id": 101, "employee_code": "EMP001", "strategy_used": "numeric_suffix"}
2026-07-30 12:06:55,575 | EVENT: adms_duplicate_check_result | {"serial_number": "NFZ8260202735", "employee_id": 101, "is_duplicate": false, "existing_punch_id": null}
2026-07-30 12:06:55,701 | EVENT: adms_attendance_created | {"serial_number": "NFZ8260202735", "pin": "1", "employee_id": 101, "attendance_day_id": 1452, "punch_id": 93, "punch_type": "in", "punch_time": "2026-07-30 06:45:00+00:00"}
2026-07-30 12:07:32,169 | EVENT: adms_cdata_post_request | {"serial_number": "NFZ8260202735", "table": "ATTLOG", "payload_length": 38, "payload_raw": "EMP00019\t2026-07-30 12:30:00\t0\t1\t0\t0\t0"}
2026-07-30 12:07:32,383 | EVENT: adms_raw_punch_received | {"serial_number": "NFZ8260202735", "table": "ATTLOG", "payload_raw": "EMP00019\t2026-07-30 12:30:00\t0\t1\t0\t0\t0"}
2026-07-30 12:07:32,385 | EVENT: adms_cdata_post_parsed_records | {"serial_number": "NFZ8260202735", "count": 1, "records": [{"pin": "EMP00019", "time_str": "2026-07-30 12:30:00", "status": "0", "verify_type": "1", "work_code": "0", "raw_line": "EMP00019\t2026-07-30 12:30:00\t0\t1\t0\t0\t0"}]}
2026-07-30 12:07:32,432 | EVENT: adms_employee_lookup_result | {"serial_number": "NFZ8260202735", "pin": "EMP00019", "matched": true, "employee_id": 242, "employee_code": "EMP00019", "strategy_used": "exact_code"}
2026-07-30 12:07:32,447 | EVENT: adms_duplicate_check_result | {"serial_number": "NFZ8260202735", "employee_id": 242, "is_duplicate": false, "existing_punch_id": null}
2026-07-30 12:07:32,567 | EVENT: adms_biometric_auto_enrolled | {"serial_number": "NFZ8260202735", "employee_id": 242, "biometric_id": 11}
2026-07-30 12:07:32,568 | EVENT: adms_attendance_created | {"serial_number": "NFZ8260202735", "pin": "EMP00019", "employee_id": 242, "attendance_day_id": 1431, "punch_id": 94, "punch_type": "in", "punch_time": "2026-07-30 07:00:00+00:00"}
2026-07-30 12:08:00,982 | EVENT: adms_cdata_post_request | {"serial_number": "SN123", "table": "ATTLOG", "payload_length": 36, "payload_raw": "1001\t2026-07-17 10:15:30\t0\t1\t0\t0\t0\r\n"}
2026-07-30 12:08:00,983 | EVENT: adms_raw_punch_received | {"serial_number": "SN123", "table": "ATTLOG", "payload_raw": "1001\t2026-07-17 10:15:30\t0\t1\t0\t0\t0\r\n"}
2026-07-30 12:08:00,984 | EVENT: adms_cdata_post_parsed_records | {"serial_number": "SN123", "count": 1, "records": [{"pin": "1001", "time_str": "2026-07-17 10:15:30", "status": "0", "verify_type": "1", "work_code": "0", "raw_line": "1001\t2026-07-17 10:15:30\t0\t1\t0\t0\t0"}]}
2026-07-30 12:08:00,987 | EVENT: adms_employee_lookup_result | {"serial_number": "SN123", "pin": "1001", "matched": true, "employee_id": 101, "employee_code": "1001", "strategy_used": "exact_code"}
2026-07-30 12:08:00,988 | EVENT: adms_duplicate_check_result | {"serial_number": "SN123", "employee_id": 101, "is_duplicate": false, "existing_punch_id": null}
2026-07-30 12:08:28,509 | EVENT: adms_cdata_post_request | {"serial_number": "SN123", "table": "ATTLOG", "payload_length": 36, "payload_raw": "1001\t2026-07-17 10:15:30\t0\t1\t0\t0\t0\r\n"}
2026-07-30 12:08:28,511 | EVENT: adms_raw_punch_received | {"serial_number": "SN123", "table": "ATTLOG", "payload_raw": "1001\t2026-07-17 10:15:30\t0\t1\t0\t0\t0\r\n"}
2026-07-30 12:08:28,511 | EVENT: adms_cdata_post_parsed_records | {"serial_number": "SN123", "count": 1, "records": [{"pin": "1001", "time_str": "2026-07-17 10:15:30", "status": "0", "verify_type": "1", "work_code": "0", "raw_line": "1001\t2026-07-17 10:15:30\t0\t1\t0\t0\t0"}]}
2026-07-30 12:08:28,515 | EVENT: adms_employee_lookup_result | {"serial_number": "SN123", "pin": "1001", "matched": true, "employee_id": 101, "employee_code": "1001", "strategy_used": "exact_code"}
2026-07-30 12:08:28,517 | EVENT: adms_duplicate_check_result | {"serial_number": "SN123", "employee_id": 101, "is_duplicate": false, "existing_punch_id": null}
2026-07-30 12:08:28,519 | EVENT: adms_biometric_auto_enrolled | {"serial_number": "SN123", "employee_id": 101, "biometric_id": null}
2026-07-30 12:08:28,520 | EVENT: adms_attendance_created | {"serial_number": "SN123", "pin": "1001", "employee_id": 101, "attendance_day_id": 20, "punch_id": "<AsyncMock name='AttendanceService().punches.create().id' id='125323644161824'>", "punch_type": "in", "punch_time": "2026-07-17 10:15:30+00:00"}
2026-07-30 12:19:58,321 | EVENT: adms_cdata_post_request | {"serial_number": "SN123", "table": "ATTLOG", "payload_length": 36, "payload_raw": "1001\t2026-07-17 10:15:30\t0\t1\t0\t0\t0\r\n"}
2026-07-30 12:19:58,328 | EVENT: adms_raw_punch_received | {"serial_number": "SN123", "table": "ATTLOG", "payload_raw": "1001\t2026-07-17 10:15:30\t0\t1\t0\t0\t0\r\n"}
2026-07-30 12:19:58,328 | EVENT: adms_cdata_post_parsed_records | {"serial_number": "SN123", "count": 1, "records": [{"pin": "1001", "time_str": "2026-07-17 10:15:30", "status": "0", "verify_type": "1", "work_code": "0", "raw_line": "1001\t2026-07-17 10:15:30\t0\t1\t0\t0\t0"}]}
2026-07-30 12:19:58,390 | EVENT: adms_employee_lookup_result | {"serial_number": "SN123", "pin": "1001", "matched": true, "employee_id": 101, "employee_code": "1001", "strategy_used": "exact_code"}
2026-07-30 12:19:58,396 | EVENT: adms_duplicate_check_result | {"serial_number": "SN123", "employee_id": 101, "is_duplicate": false, "existing_punch_id": null}
2026-07-30 12:19:58,400 | EVENT: adms_biometric_auto_enrolled | {"serial_number": "SN123", "employee_id": 101, "biometric_id": null}
2026-07-30 12:19:58,406 | EVENT: adms_attendance_created | {"serial_number": "SN123", "pin": "1001", "employee_id": 101, "attendance_day_id": 20, "punch_id": "<AsyncMock name='AttendanceService().punches.create().id' id='130035333389664'>", "punch_type": "in", "punch_time": "2026-07-17 10:15:30+00:00"}
2026-07-30 14:10:00,461 | EVENT: adms_cdata_post_request | {"serial_number": "SN123", "table": "ATTLOG", "payload_length": 36, "payload_raw": "1001\t2026-07-17 10:15:30\t0\t1\t0\t0\t0\r\n"}
2026-07-30 14:10:00,471 | EVENT: adms_raw_punch_received | {"serial_number": "SN123", "table": "ATTLOG", "payload_raw": "1001\t2026-07-17 10:15:30\t0\t1\t0\t0\t0\r\n"}
2026-07-30 14:10:00,471 | EVENT: adms_cdata_post_parsed_records | {"serial_number": "SN123", "count": 1, "records": [{"pin": "1001", "time_str": "2026-07-17 10:15:30", "status": "0", "verify_type": "1", "work_code": "0", "raw_line": "1001\t2026-07-17 10:15:30\t0\t1\t0\t0\t0"}]}
2026-07-30 14:10:00,481 | EVENT: adms_employee_lookup_result | {"serial_number": "SN123", "pin": "1001", "matched": true, "employee_id": 101, "employee_code": "1001", "strategy_used": "exact_code"}
2026-07-30 14:10:00,483 | EVENT: adms_duplicate_check_result | {"serial_number": "SN123", "employee_id": 101, "is_duplicate": false, "existing_punch_id": null}
2026-07-30 14:10:00,486 | EVENT: adms_biometric_auto_enrolled | {"serial_number": "SN123", "employee_id": 101, "biometric_id": null}
2026-07-30 14:10:00,489 | EVENT: adms_attendance_created | {"serial_number": "SN123", "pin": "1001", "employee_id": 101, "attendance_day_id": 20, "punch_id": "<AsyncMock name='AttendanceService().punches.create().id' id='125828525153968'>", "punch_type": "in", "punch_time": "2026-07-17 10:15:30+00:00"}
2026-07-30 14:18:18,938 | EVENT: adms_cdata_post_request | {"serial_number": "NFZ8260202735", "table": "OPERLOG", "payload_length": 38, "payload_raw": "OPLOG 4\t1\t2026-07-30 14:23:03\t0\t0\t0\t0\n"}
2026-07-30 14:20:43,176 | EVENT: adms_cdata_post_request | {"serial_number": "NFZ8260202735", "table": "ATTLOG", "payload_length": 42, "payload_raw": "EMP00019\t2026-07-30 14:25:30\t1\t1\t0\t\t\t0\t0\t\n"}
2026-07-30 14:20:43,208 | EVENT: adms_raw_punch_received | {"serial_number": "NFZ8260202735", "table": "ATTLOG", "payload_raw": "EMP00019\t2026-07-30 14:25:30\t1\t1\t0\t\t\t0\t0\t\n"}
2026-07-30 14:20:43,208 | EVENT: adms_cdata_post_parsed_records | {"serial_number": "NFZ8260202735", "count": 1, "records": [{"pin": "EMP00019", "time_str": "2026-07-30 14:25:30", "status": "1", "verify_type": "1", "work_code": "0", "raw_line": "EMP00019\t2026-07-30 14:25:30\t1\t1\t0\t\t\t0\t0"}]}
2026-07-30 14:20:43,219 | EVENT: adms_employee_lookup_result | {"serial_number": "NFZ8260202735", "pin": "EMP00019", "matched": true, "employee_id": 242, "employee_code": "EMP00019", "strategy_used": "exact_code"}
2026-07-30 14:20:43,232 | EVENT: adms_duplicate_check_result | {"serial_number": "NFZ8260202735", "employee_id": 242, "is_duplicate": false, "existing_punch_id": null}
2026-07-30 14:20:43,309 | EVENT: adms_attendance_created | {"serial_number": "NFZ8260202735", "pin": "EMP00019", "employee_id": 242, "attendance_day_id": 1431, "punch_id": 115, "punch_type": "out", "punch_time": "2026-07-30 08:55:30+00:00"}
2026-07-30 14:21:05,359 | EVENT: adms_cdata_post_request | {"serial_number": "NFZ8260202735", "table": "ATTLOG", "payload_length": 42, "payload_raw": "EMP00019\t2026-07-30 14:25:52\t1\t1\t0\t\t\t0\t0\t\n"}
2026-07-30 14:21:05,376 | EVENT: adms_raw_punch_received | {"serial_number": "NFZ8260202735", "table": "ATTLOG", "payload_raw": "EMP00019\t2026-07-30 14:25:52\t1\t1\t0\t\t\t0\t0\t\n"}
2026-07-30 14:21:05,377 | EVENT: adms_cdata_post_parsed_records | {"serial_number": "NFZ8260202735", "count": 1, "records": [{"pin": "EMP00019", "time_str": "2026-07-30 14:25:52", "status": "1", "verify_type": "1", "work_code": "0", "raw_line": "EMP00019\t2026-07-30 14:25:52\t1\t1\t0\t\t\t0\t0"}]}
2026-07-30 14:21:05,387 | EVENT: adms_employee_lookup_result | {"serial_number": "NFZ8260202735", "pin": "EMP00019", "matched": true, "employee_id": 242, "employee_code": "EMP00019", "strategy_used": "exact_code"}
2026-07-30 14:21:05,396 | EVENT: adms_duplicate_check_result | {"serial_number": "NFZ8260202735", "employee_id": 242, "is_duplicate": false, "existing_punch_id": null}
2026-07-30 14:21:05,441 | EVENT: adms_attendance_created | {"serial_number": "NFZ8260202735", "pin": "EMP00019", "employee_id": 242, "attendance_day_id": 1431, "punch_id": 116, "punch_type": "out", "punch_time": "2026-07-30 08:55:52+00:00"}
2026-07-30 14:22:21,531 | EVENT: adms_cdata_post_request | {"serial_number": "NFZ8260202735", "table": "ATTLOG", "payload_length": 42, "payload_raw": "EMP00019\t2026-07-30 14:27:08\t0\t1\t0\t\t\t0\t0\t\n"}
2026-07-30 14:22:21,540 | EVENT: adms_raw_punch_received | {"serial_number": "NFZ8260202735", "table": "ATTLOG", "payload_raw": "EMP00019\t2026-07-30 14:27:08\t0\t1\t0\t\t\t0\t0\t\n"}
2026-07-30 14:22:21,540 | EVENT: adms_cdata_post_parsed_records | {"serial_number": "NFZ8260202735", "count": 1, "records": [{"pin": "EMP00019", "time_str": "2026-07-30 14:27:08", "status": "0", "verify_type": "1", "work_code": "0", "raw_line": "EMP00019\t2026-07-30 14:27:08\t0\t1\t0\t\t\t0\t0"}]}
2026-07-30 14:22:21,543 | EVENT: adms_employee_lookup_result | {"serial_number": "NFZ8260202735", "pin": "EMP00019", "matched": true, "employee_id": 242, "employee_code": "EMP00019", "strategy_used": "exact_code"}
2026-07-30 14:22:21,547 | EVENT: adms_duplicate_check_result | {"serial_number": "NFZ8260202735", "employee_id": 242, "is_duplicate": false, "existing_punch_id": null}
2026-07-30 14:22:21,584 | EVENT: adms_attendance_created | {"serial_number": "NFZ8260202735", "pin": "EMP00019", "employee_id": 242, "attendance_day_id": 1431, "punch_id": 117, "punch_type": "in", "punch_time": "2026-07-30 08:57:08+00:00"}
2026-07-30 14:27:48,015 | EVENT: adms_cdata_post_request | {"serial_number": "SN123", "table": "ATTLOG", "payload_length": 36, "payload_raw": "1001\t2026-07-17 10:15:30\t0\t1\t0\t0\t0\r\n"}
2026-07-30 14:27:48,017 | EVENT: adms_raw_punch_received | {"serial_number": "SN123", "table": "ATTLOG", "payload_raw": "1001\t2026-07-17 10:15:30\t0\t1\t0\t0\t0\r\n"}
2026-07-30 14:27:48,018 | EVENT: adms_cdata_post_parsed_records | {"serial_number": "SN123", "count": 1, "records": [{"pin": "1001", "time_str": "2026-07-17 10:15:30", "status": "0", "verify_type": "1", "work_code": "0", "raw_line": "1001\t2026-07-17 10:15:30\t0\t1\t0\t0\t0"}]}
2026-07-30 14:27:48,021 | EVENT: adms_employee_lookup_result | {"serial_number": "SN123", "pin": "1001", "matched": true, "employee_id": 101, "employee_code": "1001", "strategy_used": "exact_code"}
2026-07-30 14:27:48,022 | EVENT: adms_duplicate_check_result | {"serial_number": "SN123", "employee_id": 101, "is_duplicate": false, "existing_punch_id": null}
2026-07-30 14:27:48,024 | EVENT: adms_biometric_auto_enrolled | {"serial_number": "SN123", "employee_id": 101, "biometric_id": null}
2026-07-30 14:27:48,027 | EVENT: adms_attendance_created | {"serial_number": "SN123", "pin": "1001", "employee_id": 101, "attendance_day_id": 20, "punch_id": "<AsyncMock name='AttendanceService().punches.create().id' id='125075142139232'>", "punch_type": "in", "punch_time": "2026-07-17 10:15:30+00:00"}
2026-07-30 14:43:00,289 | EVENT: adms_cdata_post_request | {"serial_number": "SN123", "table": "ATTLOG", "payload_length": 36, "payload_raw": "1001\t2026-07-17 10:15:30\t0\t1\t0\t0\t0\r\n"}
2026-07-30 14:43:00,291 | EVENT: adms_raw_punch_received | {"serial_number": "SN123", "table": "ATTLOG", "payload_raw": "1001\t2026-07-17 10:15:30\t0\t1\t0\t0\t0\r\n"}
2026-07-30 14:43:00,292 | EVENT: adms_cdata_post_parsed_records | {"serial_number": "SN123", "count": 1, "records": [{"pin": "1001", "time_str": "2026-07-17 10:15:30", "status": "0", "verify_type": "1", "work_code": "0", "raw_line": "1001\t2026-07-17 10:15:30\t0\t1\t0\t0\t0"}]}
2026-07-30 14:43:00,297 | EVENT: adms_employee_lookup_result | {"serial_number": "SN123", "pin": "1001", "matched": true, "employee_id": 101, "employee_code": "1001", "strategy_used": "exact_code"}
2026-07-30 14:43:00,299 | EVENT: adms_duplicate_check_result | {"serial_number": "SN123", "employee_id": 101, "is_duplicate": false, "existing_punch_id": null}
2026-07-30 14:43:00,302 | EVENT: adms_biometric_auto_enrolled | {"serial_number": "SN123", "employee_id": 101, "biometric_id": null}
2026-07-30 14:43:00,303 | EVENT: adms_attendance_created | {"serial_number": "SN123", "pin": "1001", "employee_id": 101, "attendance_day_id": 20, "punch_id": "<AsyncMock name='AttendanceService().punches.create().id' id='135767571609360'>", "punch_type": "in", "punch_time": "2026-07-17 10:15:30+00:00"}
2026-07-30 14:49:07,075 | EVENT: adms_cdata_post_request | {"serial_number": "NFZ8260202735", "table": "ATTLOG", "payload_length": 35, "payload_raw": "4\t2026-07-30 14:53:54\t0\t1\t0\t\t\t0\t0\t\n"}
2026-07-30 14:49:07,113 | EVENT: adms_raw_punch_received | {"serial_number": "NFZ8260202735", "table": "ATTLOG", "payload_raw": "4\t2026-07-30 14:53:54\t0\t1\t0\t\t\t0\t0\t\n"}
2026-07-30 14:49:07,113 | EVENT: adms_cdata_post_parsed_records | {"serial_number": "NFZ8260202735", "count": 1, "records": [{"pin": "4", "time_str": "2026-07-30 14:53:54", "status": "0", "verify_type": "1", "work_code": "0", "raw_line": "4\t2026-07-30 14:53:54\t0\t1\t0\t\t\t0\t0"}]}
2026-07-30 14:49:07,152 | EVENT: adms_employee_lookup_result | {"serial_number": "NFZ8260202735", "pin": "4", "matched": true, "employee_id": 246, "employee_code": "4", "strategy_used": "exact_code"}
2026-07-30 14:49:07,169 | EVENT: adms_duplicate_check_result | {"serial_number": "NFZ8260202735", "employee_id": 246, "is_duplicate": false, "existing_punch_id": null}
2026-07-30 14:49:07,260 | EVENT: adms_attendance_created | {"serial_number": "NFZ8260202735", "pin": "4", "employee_id": 246, "attendance_day_id": 1453, "punch_id": 118, "punch_type": "in", "punch_time": "2026-07-30 09:23:54+00:00"}
2026-07-30 14:51:38,413 | EVENT: adms_cdata_post_request | {"serial_number": "NFZ8260202735", "table": "ATTLOG", "payload_length": 35, "payload_raw": "4\t2026-07-30 14:56:26\t0\t1\t0\t\t\t0\t0\t\n"}
2026-07-30 14:51:38,422 | EVENT: adms_raw_punch_received | {"serial_number": "NFZ8260202735", "table": "ATTLOG", "payload_raw": "4\t2026-07-30 14:56:26\t0\t1\t0\t\t\t0\t0\t\n"}
2026-07-30 14:51:38,422 | EVENT: adms_cdata_post_parsed_records | {"serial_number": "NFZ8260202735", "count": 1, "records": [{"pin": "4", "time_str": "2026-07-30 14:56:26", "status": "0", "verify_type": "1", "work_code": "0", "raw_line": "4\t2026-07-30 14:56:26\t0\t1\t0\t\t\t0\t0"}]}
2026-07-30 14:51:38,425 | EVENT: adms_employee_lookup_result | {"serial_number": "NFZ8260202735", "pin": "4", "matched": true, "employee_id": 246, "employee_code": "4", "strategy_used": "exact_code"}
2026-07-30 14:51:38,432 | EVENT: adms_duplicate_check_result | {"serial_number": "NFZ8260202735", "employee_id": 246, "is_duplicate": false, "existing_punch_id": null}
2026-07-30 14:51:38,482 | EVENT: adms_attendance_created | {"serial_number": "NFZ8260202735", "pin": "4", "employee_id": 246, "attendance_day_id": 1453, "punch_id": 119, "punch_type": "in", "punch_time": "2026-07-30 09:26:26+00:00"}
2026-07-30 14:55:47,246 | EVENT: adms_cdata_post_request | {"serial_number": "SN123", "table": "ATTLOG", "payload_length": 36, "payload_raw": "1001\t2026-07-17 10:15:30\t0\t1\t0\t0\t0\r\n"}
2026-07-30 14:55:47,248 | EVENT: adms_raw_punch_received | {"serial_number": "SN123", "table": "ATTLOG", "payload_raw": "1001\t2026-07-17 10:15:30\t0\t1\t0\t0\t0\r\n"}
2026-07-30 14:55:47,249 | EVENT: adms_cdata_post_parsed_records | {"serial_number": "SN123", "count": 1, "records": [{"pin": "1001", "time_str": "2026-07-17 10:15:30", "status": "0", "verify_type": "1", "work_code": "0", "raw_line": "1001\t2026-07-17 10:15:30\t0\t1\t0\t0\t0"}]}
2026-07-30 14:55:47,255 | EVENT: adms_employee_lookup_result | {"serial_number": "SN123", "pin": "1001", "matched": true, "employee_id": 101, "employee_code": "1001", "strategy_used": "exact_code"}
2026-07-30 14:55:47,256 | EVENT: adms_duplicate_check_result | {"serial_number": "SN123", "employee_id": 101, "is_duplicate": false, "existing_punch_id": null}
2026-07-30 14:55:47,260 | EVENT: adms_biometric_auto_enrolled | {"serial_number": "SN123", "employee_id": 101, "biometric_id": null}
2026-07-30 14:55:47,262 | EVENT: adms_attendance_created | {"serial_number": "SN123", "pin": "1001", "employee_id": 101, "attendance_day_id": 20, "punch_id": "<AsyncMock name='AttendanceService().punches.create().id' id='127009154004944'>", "punch_type": "in", "punch_time": "2026-07-17 10:15:30+00:00"}
2026-07-30 14:56:03,749 | EVENT: adms_cdata_post_request | {"serial_number": "NFZ8260202735", "table": "ATTLOG", "payload_length": 35, "payload_raw": "1\t2026-07-30 15:00:50\t0\t2\t0\t\t\t0\t0\t\n"}
2026-07-30 14:56:03,764 | EVENT: adms_raw_punch_received | {"serial_number": "NFZ8260202735", "table": "ATTLOG", "payload_raw": "1\t2026-07-30 15:00:50\t0\t2\t0\t\t\t0\t0\t\n"}
2026-07-30 14:56:03,765 | EVENT: adms_cdata_post_parsed_records | {"serial_number": "NFZ8260202735", "count": 1, "records": [{"pin": "1", "time_str": "2026-07-30 15:00:50", "status": "0", "verify_type": "2", "work_code": "0", "raw_line": "1\t2026-07-30 15:00:50\t0\t2\t0\t\t\t0\t0"}]}
2026-07-30 14:56:03,794 | EVENT: adms_employee_lookup_result | {"serial_number": "NFZ8260202735", "pin": "1", "matched": true, "employee_id": 101, "employee_code": "EMP001", "strategy_used": "numeric_suffix"}
2026-07-30 14:56:03,808 | EVENT: adms_duplicate_check_result | {"serial_number": "NFZ8260202735", "employee_id": 101, "is_duplicate": false, "existing_punch_id": null}
2026-07-30 14:56:03,986 | EVENT: adms_attendance_created | {"serial_number": "NFZ8260202735", "pin": "1", "employee_id": 101, "attendance_day_id": 1452, "punch_id": 120, "punch_type": "in", "punch_time": "2026-07-30 09:30:50+00:00"}
2026-07-30 14:56:15,024 | EVENT: adms_cdata_post_request | {"serial_number": "NFZ8260202735", "table": "ATTLOG", "payload_length": 42, "payload_raw": "EMP00021\t2026-07-30 15:01:02\t0\t1\t0\t\t\t0\t0\t\n"}
2026-07-30 14:56:15,044 | EVENT: adms_raw_punch_received | {"serial_number": "NFZ8260202735", "table": "ATTLOG", "payload_raw": "EMP00021\t2026-07-30 15:01:02\t0\t1\t0\t\t\t0\t0\t\n"}
2026-07-30 14:56:15,052 | EVENT: adms_cdata_post_parsed_records | {"serial_number": "NFZ8260202735", "count": 1, "records": [{"pin": "EMP00021", "time_str": "2026-07-30 15:01:02", "status": "0", "verify_type": "1", "work_code": "0", "raw_line": "EMP00021\t2026-07-30 15:01:02\t0\t1\t0\t\t\t0\t0"}]}
2026-07-30 14:56:15,055 | EVENT: adms_employee_lookup_result | {"serial_number": "NFZ8260202735", "pin": "EMP00021", "matched": true, "employee_id": 244, "employee_code": "EMP00021", "strategy_used": "exact_code"}
2026-07-30 14:56:15,066 | EVENT: adms_duplicate_check_result | {"serial_number": "NFZ8260202735", "employee_id": 244, "is_duplicate": false, "existing_punch_id": null}
2026-07-30 14:56:15,119 | EVENT: adms_attendance_created | {"serial_number": "NFZ8260202735", "pin": "EMP00021", "employee_id": 244, "attendance_day_id": 1433, "punch_id": 121, "punch_type": "in", "punch_time": "2026-07-30 09:31:02+00:00"}
2026-07-30 14:56:26,156 | EVENT: adms_cdata_post_request | {"serial_number": "NFZ8260202735", "table": "ATTLOG", "payload_length": 35, "payload_raw": "1\t2026-07-30 15:01:13\t0\t2\t0\t\t\t0\t0\t\n"}
2026-07-30 14:56:26,174 | EVENT: adms_raw_punch_received | {"serial_number": "NFZ8260202735", "table": "ATTLOG", "payload_raw": "1\t2026-07-30 15:01:13\t0\t2\t0\t\t\t0\t0\t\n"}
2026-07-30 14:56:26,174 | EVENT: adms_cdata_post_parsed_records | {"serial_number": "NFZ8260202735", "count": 1, "records": [{"pin": "1", "time_str": "2026-07-30 15:01:13", "status": "0", "verify_type": "2", "work_code": "0", "raw_line": "1\t2026-07-30 15:01:13\t0\t2\t0\t\t\t0\t0"}]}
2026-07-30 14:56:26,194 | EVENT: adms_employee_lookup_result | {"serial_number": "NFZ8260202735", "pin": "1", "matched": true, "employee_id": 101, "employee_code": "EMP001", "strategy_used": "numeric_suffix"}
2026-07-30 14:56:26,211 | EVENT: adms_duplicate_check_result | {"serial_number": "NFZ8260202735", "employee_id": 101, "is_duplicate": false, "existing_punch_id": null}
2026-07-30 14:56:26,277 | EVENT: adms_attendance_created | {"serial_number": "NFZ8260202735", "pin": "1", "employee_id": 101, "attendance_day_id": 1452, "punch_id": 122, "punch_type": "in", "punch_time": "2026-07-30 09:31:13+00:00"}
2026-07-30 14:57:23,354 | EVENT: adms_cdata_post_request | {"serial_number": "NFZ8260202735", "table": "ATTLOG", "payload_length": 42, "payload_raw": "EMP00019\t2026-07-30 15:02:10\t0\t1\t0\t\t\t0\t0\t\n"}
2026-07-30 14:57:23,365 | EVENT: adms_raw_punch_received | {"serial_number": "NFZ8260202735", "table": "ATTLOG", "payload_raw": "EMP00019\t2026-07-30 15:02:10\t0\t1\t0\t\t\t0\t0\t\n"}
2026-07-30 14:57:23,366 | EVENT: adms_cdata_post_parsed_records | {"serial_number": "NFZ8260202735", "count": 1, "records": [{"pin": "EMP00019", "time_str": "2026-07-30 15:02:10", "status": "0", "verify_type": "1", "work_code": "0", "raw_line": "EMP00019\t2026-07-30 15:02:10\t0\t1\t0\t\t\t0\t0"}]}
2026-07-30 14:57:23,379 | EVENT: adms_employee_lookup_result | {"serial_number": "NFZ8260202735", "pin": "EMP00019", "matched": true, "employee_id": 242, "employee_code": "EMP00019", "strategy_used": "exact_code"}
2026-07-30 14:57:23,388 | EVENT: adms_duplicate_check_result | {"serial_number": "NFZ8260202735", "employee_id": 242, "is_duplicate": false, "existing_punch_id": null}
2026-07-30 14:57:23,444 | EVENT: adms_attendance_created | {"serial_number": "NFZ8260202735", "pin": "EMP00019", "employee_id": 242, "attendance_day_id": 1431, "punch_id": 123, "punch_type": "in", "punch_time": "2026-07-30 09:32:10+00:00"}
2026-07-30 14:58:08,514 | EVENT: adms_cdata_post_request | {"serial_number": "NFZ8260202735", "table": "ATTLOG", "payload_length": 42, "payload_raw": "EMP00020\t2026-07-30 15:02:55\t1\t1\t0\t\t\t0\t0\t\n"}
2026-07-30 14:58:08,538 | EVENT: adms_raw_punch_received | {"serial_number": "NFZ8260202735", "table": "ATTLOG", "payload_raw": "EMP00020\t2026-07-30 15:02:55\t1\t1\t0\t\t\t0\t0\t\n"}
2026-07-30 14:58:08,539 | EVENT: adms_cdata_post_parsed_records | {"serial_number": "NFZ8260202735", "count": 1, "records": [{"pin": "EMP00020", "time_str": "2026-07-30 15:02:55", "status": "1", "verify_type": "1", "work_code": "0", "raw_line": "EMP00020\t2026-07-30 15:02:55\t1\t1\t0\t\t\t0\t0"}]}
2026-07-30 14:58:08,551 | EVENT: adms_employee_lookup_result | {"serial_number": "NFZ8260202735", "pin": "EMP00020", "matched": true, "employee_id": 243, "employee_code": "EMP00020", "strategy_used": "exact_code"}
2026-07-30 14:58:08,580 | EVENT: adms_duplicate_check_result | {"serial_number": "NFZ8260202735", "employee_id": 243, "is_duplicate": false, "existing_punch_id": null}
2026-07-30 14:58:08,669 | EVENT: adms_attendance_created | {"serial_number": "NFZ8260202735", "pin": "EMP00020", "employee_id": 243, "attendance_day_id": 1432, "punch_id": 124, "punch_type": "out", "punch_time": "2026-07-30 09:32:55+00:00"}
2026-07-30 14:58:35,726 | EVENT: adms_cdata_post_request | {"serial_number": "NFZ8260202735", "table": "ATTLOG", "payload_length": 42, "payload_raw": "EMP00019\t2026-07-30 15:03:23\t0\t1\t0\t\t\t0\t0\t\n"}
2026-07-30 14:58:35,755 | EVENT: adms_raw_punch_received | {"serial_number": "NFZ8260202735", "table": "ATTLOG", "payload_raw": "EMP00019\t2026-07-30 15:03:23\t0\t1\t0\t\t\t0\t0\t\n"}
2026-07-30 14:58:35,755 | EVENT: adms_cdata_post_parsed_records | {"serial_number": "NFZ8260202735", "count": 1, "records": [{"pin": "EMP00019", "time_str": "2026-07-30 15:03:23", "status": "0", "verify_type": "1", "work_code": "0", "raw_line": "EMP00019\t2026-07-30 15:03:23\t0\t1\t0\t\t\t0\t0"}]}
2026-07-30 14:58:35,761 | EVENT: adms_employee_lookup_result | {"serial_number": "NFZ8260202735", "pin": "EMP00019", "matched": true, "employee_id": 242, "employee_code": "EMP00019", "strategy_used": "exact_code"}
2026-07-30 14:58:35,772 | EVENT: adms_duplicate_check_result | {"serial_number": "NFZ8260202735", "employee_id": 242, "is_duplicate": false, "existing_punch_id": null}
2026-07-30 14:58:35,837 | EVENT: adms_attendance_created | {"serial_number": "NFZ8260202735", "pin": "EMP00019", "employee_id": 242, "attendance_day_id": 1431, "punch_id": 125, "punch_type": "in", "punch_time": "2026-07-30 09:33:23+00:00"}
2026-07-30 14:59:21,904 | EVENT: adms_cdata_post_request | {"serial_number": "NFZ8260202735", "table": "ATTLOG", "payload_length": 35, "payload_raw": "1\t2026-07-30 15:04:09\t0\t2\t0\t\t\t0\t0\t\n"}
2026-07-30 14:59:21,911 | EVENT: adms_raw_punch_received | {"serial_number": "NFZ8260202735", "table": "ATTLOG", "payload_raw": "1\t2026-07-30 15:04:09\t0\t2\t0\t\t\t0\t0\t\n"}
2026-07-30 14:59:21,911 | EVENT: adms_cdata_post_parsed_records | {"serial_number": "NFZ8260202735", "count": 1, "records": [{"pin": "1", "time_str": "2026-07-30 15:04:09", "status": "0", "verify_type": "2", "work_code": "0", "raw_line": "1\t2026-07-30 15:04:09\t0\t2\t0\t\t\t0\t0"}]}
2026-07-30 14:59:21,921 | EVENT: adms_employee_lookup_result | {"serial_number": "NFZ8260202735", "pin": "1", "matched": true, "employee_id": 101, "employee_code": "EMP001", "strategy_used": "numeric_suffix"}
2026-07-30 14:59:21,926 | EVENT: adms_duplicate_check_result | {"serial_number": "NFZ8260202735", "employee_id": 101, "is_duplicate": false, "existing_punch_id": null}
2026-07-30 14:59:21,959 | EVENT: adms_attendance_created | {"serial_number": "NFZ8260202735", "pin": "1", "employee_id": 101, "attendance_day_id": 1452, "punch_id": 126, "punch_type": "in", "punch_time": "2026-07-30 09:34:09+00:00"}
2026-07-30 14:59:24,982 | EVENT: adms_cdata_post_request | {"serial_number": "NFZ8260202735", "table": "ATTLOG", "payload_length": 35, "payload_raw": "1\t2026-07-30 15:04:11\t0\t2\t0\t\t\t0\t0\t\n"}
2026-07-30 14:59:24,989 | EVENT: adms_raw_punch_received | {"serial_number": "NFZ8260202735", "table": "ATTLOG", "payload_raw": "1\t2026-07-30 15:04:11\t0\t2\t0\t\t\t0\t0\t\n"}
2026-07-30 14:59:24,990 | EVENT: adms_cdata_post_parsed_records | {"serial_number": "NFZ8260202735", "count": 1, "records": [{"pin": "1", "time_str": "2026-07-30 15:04:11", "status": "0", "verify_type": "2", "work_code": "0", "raw_line": "1\t2026-07-30 15:04:11\t0\t2\t0\t\t\t0\t0"}]}
2026-07-30 14:59:24,999 | EVENT: adms_employee_lookup_result | {"serial_number": "NFZ8260202735", "pin": "1", "matched": true, "employee_id": 101, "employee_code": "EMP001", "strategy_used": "numeric_suffix"}
2026-07-30 14:59:25,005 | EVENT: adms_duplicate_check_result | {"serial_number": "NFZ8260202735", "employee_id": 101, "is_duplicate": false, "existing_punch_id": null}
2026-07-30 14:59:25,044 | EVENT: adms_attendance_created | {"serial_number": "NFZ8260202735", "pin": "1", "employee_id": 101, "attendance_day_id": 1452, "punch_id": 127, "punch_type": "in", "punch_time": "2026-07-30 09:34:11+00:00"}
2026-07-30 14:59:44,078 | EVENT: adms_cdata_post_request | {"serial_number": "NFZ8260202735", "table": "ATTLOG", "payload_length": 42, "payload_raw": "EMP00019\t2026-07-30 15:04:31\t1\t1\t0\t\t\t0\t0\t\n"}
2026-07-30 14:59:44,088 | EVENT: adms_raw_punch_received | {"serial_number": "NFZ8260202735", "table": "ATTLOG", "payload_raw": "EMP00019\t2026-07-30 15:04:31\t1\t1\t0\t\t\t0\t0\t\n"}
2026-07-30 14:59:44,088 | EVENT: adms_cdata_post_parsed_records | {"serial_number": "NFZ8260202735", "count": 1, "records": [{"pin": "EMP00019", "time_str": "2026-07-30 15:04:31", "status": "1", "verify_type": "1", "work_code": "0", "raw_line": "EMP00019\t2026-07-30 15:04:31\t1\t1\t0\t\t\t0\t0"}]}
2026-07-30 14:59:44,093 | EVENT: adms_employee_lookup_result | {"serial_number": "NFZ8260202735", "pin": "EMP00019", "matched": true, "employee_id": 242, "employee_code": "EMP00019", "strategy_used": "exact_code"}
2026-07-30 14:59:44,099 | EVENT: adms_duplicate_check_result | {"serial_number": "NFZ8260202735", "employee_id": 242, "is_duplicate": false, "existing_punch_id": null}
2026-07-30 14:59:44,136 | EVENT: adms_attendance_created | {"serial_number": "NFZ8260202735", "pin": "EMP00019", "employee_id": 242, "attendance_day_id": 1431, "punch_id": 128, "punch_type": "out", "punch_time": "2026-07-30 09:34:31+00:00"}
2026-07-30 15:01:16,248 | EVENT: adms_cdata_post_request | {"serial_number": "NFZ8260202735", "table": "OPERLOG", "payload_length": 38, "payload_raw": "OPLOG 4\t1\t2026-07-30 15:06:03\t0\t0\t0\t0\n"}
2026-07-30 15:01:48,308 | EVENT: adms_cdata_post_request | {"serial_number": "NFZ8260202735", "table": "OPERLOG", "payload_length": 117, "payload_raw": "USER PIN=14\tName=\tPri=0\tPasswd=\tCard=\tGrp=1\tTZ=0000000100000000\tExpires=0\tStartDatetime=0\tEndDatetime=0\tValidCount=0\n"}
2026-07-30 15:01:52,333 | EVENT: adms_cdata_post_request | {"serial_number": "NFZ8260202735", "table": "OPERLOG", "payload_length": 40, "payload_raw": "OPLOG 30\t14\t2026-07-30 15:06:35\t0\t0\t0\t0\n"}
2026-07-30 15:01:53,372 | EVENT: adms_cdata_post_request | {"serial_number": "NFZ8260202735", "table": "OPERLOG", "payload_length": 998, "payload_raw": "FP PIN=14\tFID=6\tSize=960\tValid=1\tTMP=S41TUzIxAAACztEECAUHCc7QAAAaz2kBAAAAgnMU1s5YACAPngC2AITBhQB4AAoP9QCCzvQPXQDQALgPK87UAPYPlQAYACrAgwDiABcO6ADnzvoPYgDlANIPKc77AAQONwDEAYDAIwASAfYOdwAizzUPXwAtAYQPwc40AbEPkwCNAUHBYABWAUoPcwBazzsOLABZAZcOzVHSG7f7dX8uaz2tcIf3F2vvTu/Rzbp7OWoWakaJwzLL9b90zREWEeFgYPHmAP6e+ATLN7t4IZ5mABaVk0pACc0TlYCgj7BGWPdxd1f8tIepP4r+fvpXAybDd7EfeUNxUgreES1b9wovCbf504nYNAYKLwkTEy5fqeIAICkBAb3SkATOw0IPwP4ywQCAgQhwCQCxVMkoQDAFANhYGjjAANeTJVsNAH1eMjH8Mf89wv0LAERiATFBNVUFAGKjAPyqBABSaHfDgAkCbHUM/v/+SgUJAlR0g8D/d4PJAIq0CMH+Kz7/BRIC+IL0wP1PWu0+VtsBHpD6XUs7VP0x/0r/WRYA0KbcMvxeVz7+PjpK/dgBG6fwN/2SwP/2P//AShcA37HzMU3A/jvA/vNGwzFCFwAbu+3wPcIzwf3A/kRUgBcC28rnNf3C/u7+/fvBwD5qBACcz3ipDwAs0PH+9cD+DPnD/0wXANDW5v/B/v/+/V79RfwxVgkAft+aAIfCCv4IAJbgJPhYE84w5PdDIf46/lydDQBm5hAngT/8xQGF5iD/Njv/w/sPAC/39P85///k/kD/DAA9P/3+4v7+/zgPANb94jP8wP7/I/47PgneOgEG//z9Ov05DwoQJxD0JDkqXcURHBz0wP0+/Pj9/gYQtiMxBf9XyBGxJDprwcAQQed7w5QFEETrRjHFERYy5P7+Pvn7MP79/QUQX/c9/DD+BRAzNl4FdgfeOTtTN1JCxQtBzwEAC0VSAA==\n"}
2026-07-30 15:01:54,409 | EVENT: adms_cdata_post_request | {"serial_number": "NFZ8260202735", "table": "OPERLOG", "payload_length": 39, "payload_raw": "OPLOG 6\t14\t2026-07-30 15:06:37\t0\t0\t0\t0\n"}
2026-07-30 15:01:59,446 | EVENT: adms_cdata_post_request | {"serial_number": "NFZ8260202735", "table": "ATTLOG", "payload_length": 36, "payload_raw": "14\t2026-07-30 15:06:46\t0\t1\t0\t\t\t0\t0\t\n"}
2026-07-30 15:01:59,470 | EVENT: adms_raw_punch_received | {"serial_number": "NFZ8260202735", "table": "ATTLOG", "payload_raw": "14\t2026-07-30 15:06:46\t0\t1\t0\t\t\t0\t0\t\n"}
2026-07-30 15:01:59,471 | EVENT: adms_cdata_post_parsed_records | {"serial_number": "NFZ8260202735", "count": 1, "records": [{"pin": "14", "time_str": "2026-07-30 15:06:46", "status": "0", "verify_type": "1", "work_code": "0", "raw_line": "14\t2026-07-30 15:06:46\t0\t1\t0\t\t\t0\t0"}]}
2026-07-30 15:01:59,481 | EVENT: adms_employee_lookup_result | {"serial_number": "NFZ8260202735", "pin": "14", "matched": true, "employee_id": 245, "employee_code": "14", "strategy_used": "exact_code"}
2026-07-30 15:01:59,497 | EVENT: adms_duplicate_check_result | {"serial_number": "NFZ8260202735", "employee_id": 245, "is_duplicate": false, "existing_punch_id": null}
2026-07-30 15:01:59,577 | EVENT: adms_biometric_auto_enrolled | {"serial_number": "NFZ8260202735", "employee_id": 245, "biometric_id": 23}
2026-07-30 15:01:59,577 | EVENT: adms_attendance_created | {"serial_number": "NFZ8260202735", "pin": "14", "employee_id": 245, "attendance_day_id": 1430, "punch_id": 129, "punch_type": "in", "punch_time": "2026-07-30 09:36:46+00:00"}
2026-07-30 15:02:14,618 | EVENT: adms_cdata_post_request | {"serial_number": "NFZ8260202735", "table": "ATTLOG", "payload_length": 42, "payload_raw": "EMP00019\t2026-07-30 15:07:01\t0\t1\t0\t\t\t0\t0\t\n"}
2026-07-30 15:02:14,646 | EVENT: adms_raw_punch_received | {"serial_number": "NFZ8260202735", "table": "ATTLOG", "payload_raw": "EMP00019\t2026-07-30 15:07:01\t0\t1\t0\t\t\t0\t0\t\n"}
2026-07-30 15:02:14,647 | EVENT: adms_cdata_post_parsed_records | {"serial_number": "NFZ8260202735", "count": 1, "records": [{"pin": "EMP00019", "time_str": "2026-07-30 15:07:01", "status": "0", "verify_type": "1", "work_code": "0", "raw_line": "EMP00019\t2026-07-30 15:07:01\t0\t1\t0\t\t\t0\t0"}]}
2026-07-30 15:02:14,658 | EVENT: adms_employee_lookup_result | {"serial_number": "NFZ8260202735", "pin": "EMP00019", "matched": true, "employee_id": 242, "employee_code": "EMP00019", "strategy_used": "exact_code"}
2026-07-30 15:02:14,674 | EVENT: adms_duplicate_check_result | {"serial_number": "NFZ8260202735", "employee_id": 242, "is_duplicate": false, "existing_punch_id": null}
2026-07-30 15:02:14,734 | EVENT: adms_attendance_created | {"serial_number": "NFZ8260202735", "pin": "EMP00019", "employee_id": 242, "attendance_day_id": 1431, "punch_id": 130, "punch_type": "in", "punch_time": "2026-07-30 09:37:01+00:00"}
2026-07-30 15:21:04,761 | EVENT: adms_cdata_post_request | {"serial_number": "NFZ8260202735", "table": "OPERLOG", "payload_length": 38, "payload_raw": "OPLOG 4\t1\t2026-07-30 15:25:51\t0\t0\t0\t0\n"}
2026-07-30 15:21:38,822 | EVENT: adms_cdata_post_request | {"serial_number": "NFZ8260202735", "table": "OPERLOG", "payload_length": 117, "payload_raw": "USER PIN=24\tName=\tPri=0\tPasswd=\tCard=\tGrp=1\tTZ=0000000100000000\tExpires=0\tStartDatetime=0\tEndDatetime=0\tValidCount=0\n"}
2026-07-30 15:21:42,857 | EVENT: adms_cdata_post_request | {"serial_number": "NFZ8260202735", "table": "OPERLOG", "payload_length": 40, "payload_raw": "OPLOG 30\t24\t2026-07-30 15:26:25\t0\t0\t0\t0\n"}
2026-07-30 15:21:43,890 | EVENT: adms_cdata_post_request | {"serial_number": "NFZ8260202735", "table": "OPERLOG", "payload_length": 970, "payload_raw": "FP PIN=24\tFID=6\tSize=932\tValid=1\tTMP=S/lTUzIxAAACur0ECAUHCc7QAAAau2kBAAAAgmcRhbpXAJIPxACjAJW1WgB8AAwPcAB/upQPYQCJAEAPlrqpAB0PYQB0AHi1YQDWABEOlQDVum8NXwDcALkOpbrcAJwPgQArACe1PAD9AOQPWgALuyoPXQAWAYMPZLocATsOnADjATO1UosP//v/hAd1vUZ/pYizlZ5/x7lGeosHqXj7DhHR3qU/ipeCj2nITFsPtJbtpPeZI04QXOb3zG5UEBjgV3suc5uCN6p4RPcWuqJye7pom0X3Ch6TVA8TZhmY4ffjWR8a0AvVQP4Pbc8AIOsBA3cULQcAdzjJMsJ7CwBsPAz+iXvCvAGlPSDDwPMHAik/Fv/Bwf06AwLTRQ/AAwBhjgn8sgFdUglDRM0AieISSv9SCQCUXf9H/v9b/xAA9W71ejVYwDhKEcUsek3BwP0+/8AF/cNFwVIEAFd7Rn8Pul57Bv9EPjpSDLpcgBDBR8A7VcKCBAC5gBpKwQBfPYeHEQAslDJBw4/BMlXACADrnP/SNAkAmKcXhv9GqAEorO3+/4Ux/Hv+U0oJAJVpHEf2wQUAXa6AAf7FqwE0r/TA/Tr//3r+/sDA/8A6wf29AWWyCf7/Ov/CsAE1x+v+Ljs+Drpb0QAnUvwFVAm6ZdcM/cErBT4Gukzba8X+EsUp3F49/f/8S1eH/we6Wt50xJwGxarimEvACACF7uc4wvUTAC/x08A5JPxEQsD9/8DABQgCOPMnwEJCDsU/+GT++/r//P86/8JEwcIFEKEM6GsMqjYQ0/3//T77/0X/wf5ZBRCvFC9FOgQQWRlGuAQS5RtDZQ0QQNvQ/Xr7+fv+/sA6//2+EWUhQG0E1WojjToMEEUpzDr/+Uz9/inBAxBYKTJ6ChBNNcP+OvzwR//9wMBSQsULQbsBAAtFUgA=\n"}
2026-07-30 15:21:44,919 | EVENT: adms_cdata_post_request | {"serial_number": "NFZ8260202735", "table": "OPERLOG", "payload_length": 39, "payload_raw": "OPLOG 6\t24\t2026-07-30 15:26:28\t0\t0\t0\t0\n"}
2026-07-30 15:21:52,945 | EVENT: adms_cdata_post_request | {"serial_number": "NFZ8260202735", "table": "ATTLOG", "payload_length": 36, "payload_raw": "24\t2026-07-30 15:26:40\t0\t1\t0\t\t\t0\t0\t\n"}
2026-07-30 15:21:52,955 | EVENT: adms_raw_punch_received | {"serial_number": "NFZ8260202735", "table": "ATTLOG", "payload_raw": "24\t2026-07-30 15:26:40\t0\t1\t0\t\t\t0\t0\t\n"}
2026-07-30 15:21:52,955 | EVENT: adms_cdata_post_parsed_records | {"serial_number": "NFZ8260202735", "count": 1, "records": [{"pin": "24", "time_str": "2026-07-30 15:26:40", "status": "0", "verify_type": "1", "work_code": "0", "raw_line": "24\t2026-07-30 15:26:40\t0\t1\t0\t\t\t0\t0"}]}
2026-07-30 15:21:52,957 | EVENT: adms_employee_lookup_result | {"serial_number": "NFZ8260202735", "pin": "24", "matched": true, "employee_id": 247, "employee_code": "24", "strategy_used": "exact_code"}
2026-07-30 15:21:52,961 | EVENT: adms_duplicate_check_result | {"serial_number": "NFZ8260202735", "employee_id": 247, "is_duplicate": false, "existing_punch_id": null}
2026-07-30 15:21:53,028 | EVENT: adms_biometric_auto_enrolled | {"serial_number": "NFZ8260202735", "employee_id": 247, "biometric_id": 24}
2026-07-30 15:21:53,029 | EVENT: adms_attendance_created | {"serial_number": "NFZ8260202735", "pin": "24", "employee_id": 247, "attendance_day_id": 1455, "punch_id": 131, "punch_type": "in", "punch_time": "2026-07-30 09:56:40+00:00"}
2026-07-30 15:29:30,593 | EVENT: adms_cdata_post_request | {"serial_number": "SN123", "table": "ATTLOG", "payload_length": 36, "payload_raw": "1001\t2026-07-17 10:15:30\t0\t1\t0\t0\t0\r\n"}
2026-07-30 15:29:30,594 | EVENT: adms_raw_punch_received | {"serial_number": "SN123", "table": "ATTLOG", "payload_raw": "1001\t2026-07-17 10:15:30\t0\t1\t0\t0\t0\r\n"}
2026-07-30 15:29:30,595 | EVENT: adms_cdata_post_parsed_records | {"serial_number": "SN123", "count": 1, "records": [{"pin": "1001", "time_str": "2026-07-17 10:15:30", "status": "0", "verify_type": "1", "work_code": "0", "raw_line": "1001\t2026-07-17 10:15:30\t0\t1\t0\t0\t0"}]}
2026-07-30 15:29:30,599 | EVENT: adms_employee_lookup_result | {"serial_number": "SN123", "pin": "1001", "matched": true, "employee_id": 101, "employee_code": "1001", "strategy_used": "exact_code"}
2026-07-30 15:29:30,600 | EVENT: adms_duplicate_check_result | {"serial_number": "SN123", "employee_id": 101, "is_duplicate": false, "existing_punch_id": null}
2026-07-30 15:29:30,602 | EVENT: adms_biometric_auto_enrolled | {"serial_number": "SN123", "employee_id": 101, "biometric_id": null}
2026-07-30 15:29:30,603 | EVENT: adms_attendance_created | {"serial_number": "SN123", "pin": "1001", "employee_id": 101, "attendance_day_id": 20, "punch_id": "<AsyncMock name='AttendanceService().punches.create().id' id='127193490487440'>", "punch_type": "in", "punch_time": "2026-07-17 10:15:30+00:00"}
2026-07-30 15:32:22,956 | EVENT: adms_cdata_post_request | {"serial_number": "SN123", "table": "ATTLOG", "payload_length": 36, "payload_raw": "1001\t2026-07-17 10:15:30\t0\t1\t0\t0\t0\r\n"}
2026-07-30 15:32:22,958 | EVENT: adms_raw_punch_received | {"serial_number": "SN123", "table": "ATTLOG", "payload_raw": "1001\t2026-07-17 10:15:30\t0\t1\t0\t0\t0\r\n"}
2026-07-30 15:32:22,958 | EVENT: adms_cdata_post_parsed_records | {"serial_number": "SN123", "count": 1, "records": [{"pin": "1001", "time_str": "2026-07-17 10:15:30", "status": "0", "verify_type": "1", "work_code": "0", "raw_line": "1001\t2026-07-17 10:15:30\t0\t1\t0\t0\t0"}]}
2026-07-30 15:32:22,962 | EVENT: adms_employee_lookup_result | {"serial_number": "SN123", "pin": "1001", "matched": true, "employee_id": 101, "employee_code": "1001", "strategy_used": "exact_code"}
2026-07-30 15:32:22,962 | EVENT: adms_duplicate_check_result | {"serial_number": "SN123", "employee_id": 101, "is_duplicate": false, "existing_punch_id": null}
2026-07-30 15:32:22,965 | EVENT: adms_biometric_auto_enrolled | {"serial_number": "SN123", "employee_id": 101, "biometric_id": null}
2026-07-30 15:32:22,966 | EVENT: adms_attendance_created | {"serial_number": "SN123", "pin": "1001", "employee_id": 101, "attendance_day_id": 20, "punch_id": "<AsyncMock name='AttendanceService().punches.create().id' id='131370054711440'>", "punch_type": "in", "punch_time": "2026-07-17 10:15:30+00:00"}
2026-07-30 15:36:17,811 | EVENT: adms_cdata_post_request | {"serial_number": "NFZ8260202735", "table": "ATTLOG", "payload_length": 42, "payload_raw": "EMP00021\t2026-07-30 15:41:05\t1\t1\t0\t\t\t0\t0\t\n"}
2026-07-30 15:36:17,839 | EVENT: adms_raw_punch_received | {"serial_number": "NFZ8260202735", "table": "ATTLOG", "payload_raw": "EMP00021\t2026-07-30 15:41:05\t1\t1\t0\t\t\t0\t0\t\n"}
2026-07-30 15:36:17,840 | EVENT: adms_cdata_post_parsed_records | {"serial_number": "NFZ8260202735", "count": 1, "records": [{"pin": "EMP00021", "time_str": "2026-07-30 15:41:05", "status": "1", "verify_type": "1", "work_code": "0", "raw_line": "EMP00021\t2026-07-30 15:41:05\t1\t1\t0\t\t\t0\t0"}]}
2026-07-30 15:36:17,853 | EVENT: adms_employee_lookup_result | {"serial_number": "NFZ8260202735", "pin": "EMP00021", "matched": true, "employee_id": 244, "employee_code": "EMP00021", "strategy_used": "exact_code"}
2026-07-30 15:36:17,871 | EVENT: adms_duplicate_check_result | {"serial_number": "NFZ8260202735", "employee_id": 244, "is_duplicate": false, "existing_punch_id": null}
2026-07-30 15:36:17,972 | EVENT: adms_attendance_created | {"serial_number": "NFZ8260202735", "pin": "EMP00021", "employee_id": 244, "attendance_day_id": 1433, "punch_id": 132, "punch_type": "out", "punch_time": "2026-07-30 10:11:05+00:00"}
2026-07-30 15:36:19,997 | EVENT: adms_cdata_post_request | {"serial_number": "NFZ8260202735", "table": "ATTLOG", "payload_length": 42, "payload_raw": "EMP00021\t2026-07-30 15:41:07\t1\t1\t0\t\t\t0\t0\t\n"}
2026-07-30 15:36:20,016 | EVENT: adms_raw_punch_received | {"serial_number": "NFZ8260202735", "table": "ATTLOG", "payload_raw": "EMP00021\t2026-07-30 15:41:07\t1\t1\t0\t\t\t0\t0\t\n"}
2026-07-30 15:36:20,017 | EVENT: adms_cdata_post_parsed_records | {"serial_number": "NFZ8260202735", "count": 1, "records": [{"pin": "EMP00021", "time_str": "2026-07-30 15:41:07", "status": "1", "verify_type": "1", "work_code": "0", "raw_line": "EMP00021\t2026-07-30 15:41:07\t1\t1\t0\t\t\t0\t0"}]}
2026-07-30 15:36:20,023 | EVENT: adms_employee_lookup_result | {"serial_number": "NFZ8260202735", "pin": "EMP00021", "matched": true, "employee_id": 244, "employee_code": "EMP00021", "strategy_used": "exact_code"}
2026-07-30 15:36:20,037 | EVENT: adms_duplicate_check_result | {"serial_number": "NFZ8260202735", "employee_id": 244, "is_duplicate": false, "existing_punch_id": null}
2026-07-30 15:36:20,078 | EVENT: adms_attendance_created | {"serial_number": "NFZ8260202735", "pin": "EMP00021", "employee_id": 244, "attendance_day_id": 1433, "punch_id": 133, "punch_type": "out", "punch_time": "2026-07-30 10:11:07+00:00"}
2026-07-30 15:48:13,578 | EVENT: adms_cdata_post_request | {"serial_number": "SN123", "table": "ATTLOG", "payload_length": 36, "payload_raw": "1001\t2026-07-17 10:15:30\t0\t1\t0\t0\t0\r\n"}
2026-07-30 15:48:13,579 | EVENT: adms_raw_punch_received | {"serial_number": "SN123", "table": "ATTLOG", "payload_raw": "1001\t2026-07-17 10:15:30\t0\t1\t0\t0\t0\r\n"}
2026-07-30 15:48:13,579 | EVENT: adms_cdata_post_parsed_records | {"serial_number": "SN123", "count": 1, "records": [{"pin": "1001", "time_str": "2026-07-17 10:15:30", "status": "0", "verify_type": "1", "work_code": "0", "raw_line": "1001\t2026-07-17 10:15:30\t0\t1\t0\t0\t0"}]}
2026-07-30 15:48:13,583 | EVENT: adms_employee_lookup_result | {"serial_number": "SN123", "pin": "1001", "matched": true, "employee_id": 101, "employee_code": "1001", "strategy_used": "exact_code"}
2026-07-30 15:48:13,584 | EVENT: adms_duplicate_check_result | {"serial_number": "SN123", "employee_id": 101, "is_duplicate": false, "existing_punch_id": null}
2026-07-30 15:48:13,586 | EVENT: adms_biometric_auto_enrolled | {"serial_number": "SN123", "employee_id": 101, "biometric_id": null}
2026-07-30 15:48:13,587 | EVENT: adms_attendance_created | {"serial_number": "SN123", "pin": "1001", "employee_id": 101, "attendance_day_id": 20, "punch_id": "<AsyncMock name='AttendanceService().punches.create().id' id='139741115942096'>", "punch_type": "in", "punch_time": "2026-07-17 10:15:30+00:00"}
2026-07-30 15:51:25,488 | EVENT: adms_cdata_post_request | {"serial_number": "SN123", "table": "ATTLOG", "payload_length": 36, "payload_raw": "1001\t2026-07-17 10:15:30\t0\t1\t0\t0\t0\r\n"}
2026-07-30 15:51:25,489 | EVENT: adms_raw_punch_received | {"serial_number": "SN123", "table": "ATTLOG", "payload_raw": "1001\t2026-07-17 10:15:30\t0\t1\t0\t0\t0\r\n"}
2026-07-30 15:51:25,489 | EVENT: adms_cdata_post_parsed_records | {"serial_number": "SN123", "count": 1, "records": [{"pin": "1001", "time_str": "2026-07-17 10:15:30", "status": "0", "verify_type": "1", "work_code": "0", "raw_line": "1001\t2026-07-17 10:15:30\t0\t1\t0\t0\t0"}]}
2026-07-30 15:51:25,500 | EVENT: adms_employee_lookup_result | {"serial_number": "SN123", "pin": "1001", "matched": true, "employee_id": 101, "employee_code": "1001", "strategy_used": "exact_code"}
2026-07-30 15:51:25,501 | EVENT: adms_duplicate_check_result | {"serial_number": "SN123", "employee_id": 101, "is_duplicate": false, "existing_punch_id": null}
2026-07-30 15:51:25,503 | EVENT: adms_biometric_auto_enrolled | {"serial_number": "SN123", "employee_id": 101, "biometric_id": null}
2026-07-30 15:51:25,504 | EVENT: adms_attendance_created | {"serial_number": "SN123", "pin": "1001", "employee_id": 101, "attendance_day_id": 20, "punch_id": "<AsyncMock name='AttendanceService().punches.create().id' id='127543674011184'>", "punch_type": "in", "punch_time": "2026-07-17 10:15:30+00:00"}
